// Jest Snapshot v1, https://goo.gl/fbAQLP

exports[`check if app component is nicely rendered 1`] = `
<div
  className="App tc"
>
  <h1>
    ROBOFRIENDS!
  </h1>
  <SearchBox
    onSearchChange={[Function]}
    searchfield=""
  />
  <Scroll />
</div>
`;
